// Vitest Snapshot v1, https://vitest.dev/guide/snapshot.html

exports[`test1 1`] = `"foo"`;
